---
source: crates/aiken-project/src/blueprint/validator.rs
description: "Code:\n\ntype Either<left, right> {\n    Left(left)\n    Right(right)\n}\n\ntype Interval<a> {\n    Finite(a)\n    Infinite\n}\n\nvalidator {\n  fn generics(redeemer: Either<ByteArray, Interval<Int>>, ctx: Void) {\n    True\n  }\n}\n"
---
{
  "title": "test_module.generics",
  "redeemer": {
    "title": "redeemer",
    "schema": {
      "$ref": "#/definitions/test_module~1Either$ByteArray_test_module~1Interval$Int"
    }
  },
  "compiledCode": "5901c2010000323232323232323232232253330054a22930a9980324811856616c696461746f722072657475726e65642066616c73650013656323253330053370e900000089929998050008a998038028b099299980598068010a4c2a6601000c2c64a66666601c0022a6601000c2c2a6601000c2c2a6601000c2c2a6601000c2c26eb8004c02c004c020dd50010a99980299b87480080044c94ccc02800454cc01c014584c94ccc02cc0340084c9263253330083370e900000089929998068008a998050040b099299980718080010a4c2a660160122c64a6666660220022a660160122c2a660160122c2a660160122c26eb400454cc02c02458c038004c02cdd50010a99980419b874800800454ccc030c02cdd50010a4c2a6601200e2c2a6601200e2c60126ea800454cc02001858c94cccccc038004400454cc0200185854cc0200185854cc0200185854cc02001858c02c004c020dd50010a998030020b18031baa001533333300a00110011533004002161533004002161533004002161533004002164912a72656465656d65723a204569746865723c4279746541727261792c20496e74657276616c3c496e743e3e005734ae7155ceaab9e5573eae855d12ba41",
  "hash": "962d5aa7bc55c0df812ec6f4bfcba6eedc1e1b5c92669949974f5dcf",
  "definitions": {
    "ByteArray": {
      "dataType": "bytes"
    },
    "Int": {
      "dataType": "integer"
    },
    "test_module/Either$ByteArray_test_module/Interval$Int": {
      "title": "Either",
      "anyOf": [
        {
          "title": "Left",
          "dataType": "constructor",
          "index": 0,
          "fields": [
            {
              "$ref": "#/definitions/ByteArray"
            }
          ]
        },
        {
          "title": "Right",
          "dataType": "constructor",
          "index": 1,
          "fields": [
            {
              "$ref": "#/definitions/test_module~1Interval$Int"
            }
          ]
        }
      ]
    },
    "test_module/Interval$Int": {
      "title": "Interval",
      "anyOf": [
        {
          "title": "Finite",
          "dataType": "constructor",
          "index": 0,
          "fields": [
            {
              "$ref": "#/definitions/Int"
            }
          ]
        },
        {
          "title": "Infinite",
          "dataType": "constructor",
          "index": 1,
          "fields": []
        }
      ]
    }
  }
}
