---
source: crates/aiken-project/src/blueprint/validator.rs
description: "Code:\n\npub type Expr {\n  Val(Int)\n  Sum(Expr, Expr)\n  Mul(Expr, Expr)\n}\n\nvalidator {\n  fn recursive_types(redeemer: Expr, ctx: Void) {\n    True\n  }\n}\n"
---
{
  "title": "test_module.recursive_types",
  "redeemer": {
    "title": "redeemer",
    "schema": {
      "$ref": "#/definitions/test_module~1Expr"
    }
  },
  "compiledCode": "590207010000323232323232323232232253330054a22930a9980324811856616c696461746f722072657475726e65642066616c736500136563233001001533333300b0021002153300500316153300500316153300500316153300500316223253330063370e900000089929998058008a998040030b099299980618070010a4c2a6601200e2c64a66666601e0022a6601200e2c2a6601200e2c2a6601200e2c26eb400454cc02401c58c030004c024dd50010a99980319b87480080044c94ccc02c00454cc020018584c8c94ccc03400454cc028020584c94ccc038c0400084c8c9263300800800233007007003153300b009163253333330110011001153300b00916153300b00916153300b00916153300b00916300e001300e00232533333300f0011001153300900716153300900716153300900716153300900716300c001300937540042a66600c66e1d2004001132533300b00115330080061613232533300d001153300a00816132533300e301000213232498cc020020008cc01c01c00c54cc02c02458c94cccccc044004400454cc02c0245854cc02c0245854cc02c0245854cc02c02458c038004c038008c94cccccc03c004400454cc02401c5854cc02401c5854cc02401c5854cc02401c58c030004c024dd50010a998038028b18039baa0014910e72656465656d65723a2045787072005734ae7155ceaab9e5573eae855d12ba41",
  "hash": "ad10f49980a840966b7dc6c3f88e3f196a3291d34b0b4483ec527d7e",
  "definitions": {
    "Int": {
      "dataType": "integer"
    },
    "test_module/Expr": {
      "title": "Expr",
      "anyOf": [
        {
          "title": "Val",
          "dataType": "constructor",
          "index": 0,
          "fields": [
            {
              "$ref": "#/definitions/Int"
            }
          ]
        },
        {
          "title": "Sum",
          "dataType": "constructor",
          "index": 1,
          "fields": [
            {
              "$ref": "#/definitions/test_module~1Expr"
            },
            {
              "$ref": "#/definitions/test_module~1Expr"
            }
          ]
        },
        {
          "title": "Mul",
          "dataType": "constructor",
          "index": 2,
          "fields": [
            {
              "$ref": "#/definitions/test_module~1Expr"
            },
            {
              "$ref": "#/definitions/test_module~1Expr"
            }
          ]
        }
      ]
    }
  }
}
