---
source: crates/aiken-project/src/blueprint/validator.rs
description: "Code:\n\ntype Dict<key, value> {\n    inner: List<(ByteArray, value)>\n}\n\ntype UUID { UUID }\n\nvalidator {\n  fn list_2_tuples_as_map(redeemer: Dict<UUID, Int>, ctx: Void) {\n    True\n  }\n}\n"
---
{
  "title": "test_module.list_2_tuples_as_map",
  "redeemer": {
    "title": "redeemer",
    "schema": {
      "$ref": "#/definitions/test_module~1Dict$test_module~1UUID_Int"
    }
  },
  "compiledCode": "59014e010000323232323232323232232253330054a22930a9980324811856616c696461746f722072657475726e65642066616c736500136563253330043370e900018031baa0011325333009001153300600416132533300a300c002132498c8cc004004008894ccc03000452613233003003300f0023232325333333012001153300c00a16153300c00a16153300c00a161375a0022a660180142c601a00464a6666660220022a660160122c2a660160122c2a660160122c2a660160122c26eb8004c02c004c03400454cc01c01458c94cccccc03400454cc01c014584dd58008a998038028b0a998038028b0a998038028b180500098039baa001153300500316533333300a001100115330040021615330040021615330040021615330040021649011972656465656d65723a20446963743c555549442c20496e743e005734ae7155ceaab9e5573eae855d12ba41",
  "hash": "de6d51e2a272ec0ab73566bbb32700ad5864fdd01290dd925e35ebb4",
  "definitions": {
    "ByteArray": {
      "dataType": "bytes"
    },
    "Int": {
      "dataType": "integer"
    },
    "List$Tuple$ByteArray_Int": {
      "dataType": "map",
      "keys": {
        "$ref": "#/definitions/ByteArray"
      },
      "values": {
        "$ref": "#/definitions/Int"
      }
    },
    "test_module/Dict$test_module/UUID_Int": {
      "title": "Dict",
      "anyOf": [
        {
          "title": "Dict",
          "dataType": "constructor",
          "index": 0,
          "fields": [
            {
              "title": "inner",
              "$ref": "#/definitions/List$Tuple$ByteArray_Int"
            }
          ]
        }
      ]
    }
  }
}
