---
source: crates/aiken-project/src/blueprint/validator.rs
description: "Code:\n\npub type LinkedList<a> {\n  Cons(a, LinkedList<a>)\n  Nil\n}\n\npub type Foo {\n    Foo {\n        foo: LinkedList<Bool>,\n    }\n    Bar {\n        bar: Int,\n        baz: (ByteArray, List<LinkedList<Int>>)\n    }\n}\n\nvalidator {\n  fn recursive_generic_types(datum: Foo, redeemer: LinkedList<Int>, ctx: Void) {\n    True\n  }\n}\n"
---
{
  "title": "test_module.recursive_generic_types",
  "datum": {
    "title": "datum",
    "schema": {
      "$ref": "#/definitions/test_module~1Foo"
    }
  },
  "redeemer": {
    "title": "redeemer",
    "schema": {
      "$ref": "#/definitions/test_module~1LinkedList$Int"
    }
  },
  "compiledCode": "590409010000323232323232323232322323232322322533300b4a22930a998062491856616c696461746f722072657475726e65642066616c736500136563300353333330100011001153300a00716153300a00716153300a00716153300a00716007323253330093005001132533300e001153300b00916132533300f3011002132498c8cc00400400888c94ccc038c0280044c94ccc04c00454cc040038584c8c94ccc05400454cc048040584c94ccc058c0600084c926330070070011533013011163253333330190011001153301301116153301301116153301301116153301301116301600130160023253333330170011325333015301400115333011300c301300114a22a666022601a6026002294054cc0480405854cc04804058dd50008a998088078b0a998088078b0a998088078b0a998088078b180a00098089baa0021533300e300900115333012301137540042930a998078068b0a998078068b18079baa001153300c00a163253333330120011001153300c00a16153300c00a16153300c00a16153300c00a16300f001300c37540042a6660126008002264a66601c0022a660160122c26464a6660200022a6601a0162c264a66602260260042649319191980080099299999980b8008a998088078b0a998088078b09bac001153301100f16153301100f16301200322533301400114984c8cc00c00cc05c008c8cc02d4cccccc060004400454cc0480405854cc0480405854cc0480405854cc04804058040c054004c94cccccc05400454cc03c0345854cc03c0345854cc03c0345854cc03c034584dd700098078008a998070060b19299999980a0008a998070060b0a998070060b09929998090008a998078068b09929998098008a998080070b0a999809980a800899bb030140023014001153301000e16301400137580022a6601c0182c2a6601c0182c6022002602200464a6666660240022a660180142c2a660180142c2a660180142c26eb400454cc03002858c03c004c030dd50010a998050040b18051baa001533333300e00410041533008006161533008006161533008006161533008006162232330010010032232533300b30070011325333010001153300d00516132325333012001153300f0071613253330133015002132498cc01c01c00454cc04002058c94cccccc058004400454cc0400205854cc0400205854cc0400205854cc04002058c04c004c04c008c94cccccc05000454cc0380185854cc0380185854cc038018584dd68008a998070030b180880098071baa0021533300b30060011533300f300e37540042930a998060020b0a998060020b18061baa001370e90011b87480012411972656465656d65723a204c696e6b65644c6973743c496e743e0049010a646174756d3a20466f6f005734ae7155ceaab9e5573eae855d12ba41",
  "hash": "451dccdc86f334c88e491fba78784300aa8f5523298f83b17b258d7d",
  "definitions": {
    "Bool": {
      "title": "Bool",
      "anyOf": [
        {
          "title": "False",
          "dataType": "constructor",
          "index": 0,
          "fields": []
        },
        {
          "title": "True",
          "dataType": "constructor",
          "index": 1,
          "fields": []
        }
      ]
    },
    "ByteArray": {
      "dataType": "bytes"
    },
    "Int": {
      "dataType": "integer"
    },
    "List$test_module/LinkedList$Int": {
      "dataType": "list",
      "items": {
        "$ref": "#/definitions/test_module~1LinkedList$Int"
      }
    },
    "Tuple$ByteArray_List$test_module/LinkedList$Int": {
      "title": "Tuple",
      "dataType": "list",
      "items": [
        {
          "$ref": "#/definitions/ByteArray"
        },
        {
          "$ref": "#/definitions/List$test_module~1LinkedList$Int"
        }
      ]
    },
    "test_module/Foo": {
      "title": "Foo",
      "anyOf": [
        {
          "title": "Foo",
          "dataType": "constructor",
          "index": 0,
          "fields": [
            {
              "title": "foo",
              "$ref": "#/definitions/test_module~1LinkedList$Bool"
            }
          ]
        },
        {
          "title": "Bar",
          "dataType": "constructor",
          "index": 1,
          "fields": [
            {
              "title": "bar",
              "$ref": "#/definitions/Int"
            },
            {
              "title": "baz",
              "$ref": "#/definitions/Tuple$ByteArray_List$test_module~1LinkedList$Int"
            }
          ]
        }
      ]
    },
    "test_module/LinkedList$Bool": {
      "title": "LinkedList",
      "anyOf": [
        {
          "title": "Cons",
          "dataType": "constructor",
          "index": 0,
          "fields": [
            {
              "$ref": "#/definitions/Bool"
            },
            {
              "$ref": "#/definitions/test_module~1LinkedList$Bool"
            }
          ]
        },
        {
          "title": "Nil",
          "dataType": "constructor",
          "index": 1,
          "fields": []
        }
      ]
    },
    "test_module/LinkedList$Int": {
      "title": "LinkedList",
      "anyOf": [
        {
          "title": "Cons",
          "dataType": "constructor",
          "index": 0,
          "fields": [
            {
              "$ref": "#/definitions/Int"
            },
            {
              "$ref": "#/definitions/test_module~1LinkedList$Int"
            }
          ]
        },
        {
          "title": "Nil",
          "dataType": "constructor",
          "index": 1,
          "fields": []
        }
      ]
    }
  }
}
